// Jest Snapshot v1, https://goo.gl/fbAQLP

exports[`Google maps wrapper should render a component when a script exists 1`] = `""`;
